
===========================================================================
 report_power
============================================================================
======================= min_ff_n40C_1v95 Corner ===================================

Group                    Internal    Switching      Leakage        Total
                            Power        Power        Power        Power (Watts)
------------------------------------------------------------------------
Sequential           4.152851e-04 3.415136e-04 2.452866e-09 7.568012e-04  12.4%
Combinational        1.784051e-03 3.128480e-03 1.286912e-08 4.912545e-03  80.6%
Clock                1.870955e-04 2.421246e-04 8.361203e-08 4.293038e-04   7.0%
Macro                0.000000e+00 0.000000e+00 0.000000e+00 0.000000e+00   0.0%
Pad                  0.000000e+00 0.000000e+00 0.000000e+00 0.000000e+00   0.0%
------------------------------------------------------------------------
Total                2.386433e-03 3.712118e-03 9.893424e-08 6.098649e-03 100.0%
                            39.1%        60.9%         0.0%

