┏━━━━━━━━━━━━━━━━━━━━━━┳━━━━━━━━━━┳━━━━━━━━━━┳━━━━━━━━━━┳━━━━━━━━━━┳━━━━━━━━━━━┳
┃                      ┃ Hold     ┃ Reg to   ┃          ┃          ┃ of which  ┃
┃                      ┃ Worst    ┃ Reg      ┃          ┃ Hold Vio ┃ reg to    ┃
┃ Corner/Group         ┃ Slack    ┃ Paths    ┃ Hold TNS ┃ Count    ┃ reg       ┃
┡━━━━━━━━━━━━━━━━━━━━━━╇━━━━━━━━━━╇━━━━━━━━━━╇━━━━━━━━━━╇━━━━━━━━━━╇━━━━━━━━━━━╇
│ Overall              │ 0.1089   │ 0.1089   │ 0.0000   │ 0        │ 0         │
│ nom_tt_025C_1v80     │ 0.3235   │ 0.3235   │ 0.0000   │ 0        │ 0         │
│ nom_ss_100C_1v60     │ 0.9062   │ 0.9062   │ 0.0000   │ 0        │ 0         │
│ nom_ff_n40C_1v95     │ 0.1110   │ 0.1110   │ 0.0000   │ 0        │ 0         │
│ min_tt_025C_1v80     │ 0.3206   │ 0.3206   │ 0.0000   │ 0        │ 0         │
│ min_ss_100C_1v60     │ 0.8899   │ 0.8899   │ 0.0000   │ 0        │ 0         │
│ min_ff_n40C_1v95     │ 0.1089   │ 0.1089   │ 0.0000   │ 0        │ 0         │
│ max_tt_025C_1v80     │ 0.3267   │ 0.3267   │ 0.0000   │ 0        │ 0         │
│ max_ss_100C_1v60     │ 0.9237   │ 0.9237   │ 0.0000   │ 0        │ 0         │
│ max_ff_n40C_1v95     │ 0.1134   │ 0.1134   │ 0.0000   │ 0        │ 0         │
└──────────────────────┴──────────┴──────────┴──────────┴──────────┴───────────┴
