
===========================================================================
 report_power
============================================================================
======================= max_ff_n40C_1v95 Corner ===================================

Group                    Internal    Switching      Leakage        Total
                            Power        Power        Power        Power (Watts)
------------------------------------------------------------------------
Sequential           4.148569e-04 3.783786e-04 2.452866e-09 7.932379e-04  12.2%
Combinational        1.788951e-03 3.447829e-03 1.286912e-08 5.236792e-03  80.7%
Clock                1.875121e-04 2.698900e-04 8.361203e-08 4.574857e-04   7.1%
Macro                0.000000e+00 0.000000e+00 0.000000e+00 0.000000e+00   0.0%
Pad                  0.000000e+00 0.000000e+00 0.000000e+00 0.000000e+00   0.0%
------------------------------------------------------------------------
Total                2.391323e-03 4.096097e-03 9.893424e-08 6.487518e-03 100.0%
                            36.9%        63.1%         0.0%

