
===========================================================================
report_checks -unconstrained
===========================================================================
======================= nom_ff_n40C_1v95 Corner ===================================

Startpoint: rst_n (input port clocked by clk)
Endpoint: _2241_ (recovery check against rising-edge clock clk)
Path Group: asynchronous
Path Type: max

Fanout         Cap        Slew       Delay        Time   Description
---------------------------------------------------------------------------------------------
                                  0.000000    0.000000   clock clk (rise edge)
                                  0.000000    0.000000   clock network delay (propagated)
                                  5.000000    5.000000 ^ input external delay
     2    0.006054    0.025223    0.015535    5.015535 ^ rst_n (in)
                                                         rst_n (net)
                      0.025223    0.000000    5.015535 ^ input123/A (sky130_fd_sc_hd__clkbuf_8)
    19    0.106113    0.141718    0.143843    5.159378 ^ input123/X (sky130_fd_sc_hd__clkbuf_8)
                                                         net123 (net)
                      0.156765    0.035067    5.194445 ^ _2241_/RESET_B (sky130_fd_sc_hd__dfrtp_4)
                                              5.194445   data arrival time

                                 25.000000   25.000000   clock clk (rise edge)
                                  0.000000   25.000000   clock source latency
     2    0.100526    0.339482    0.237497   25.237495 ^ clk (in)
                                                         clk (net)
                      0.339632    0.000000   25.237495 ^ clkbuf_0_clk/A (sky130_fd_sc_hd__clkbuf_16)
     9    0.104298    0.096113    0.178163   25.415659 ^ clkbuf_0_clk/X (sky130_fd_sc_hd__clkbuf_16)
                                                         clknet_0_clk (net)
                      0.097606    0.009468   25.425127 ^ clkbuf_2_0_0_clk/A (sky130_fd_sc_hd__clkbuf_8)
     5    0.054558    0.080021    0.133124   25.558250 ^ clkbuf_2_0_0_clk/X (sky130_fd_sc_hd__clkbuf_8)
                                                         clknet_2_0_0_clk (net)
                      0.080617    0.005516   25.563766 ^ clkbuf_3_0_0_clk/A (sky130_fd_sc_hd__clkbuf_8)
     5    0.053938    0.078747    0.131546   25.695312 ^ clkbuf_3_0_0_clk/X (sky130_fd_sc_hd__clkbuf_8)
                                                         clknet_3_0_0_clk (net)
                      0.078944    0.003164   25.698477 ^ clkbuf_4_0__f_clk/A (sky130_fd_sc_hd__clkbuf_16)
    11    0.064151    0.062748    0.121856   25.820333 ^ clkbuf_4_0__f_clk/X (sky130_fd_sc_hd__clkbuf_16)
                                                         clknet_4_0__leaf_clk (net)
                      0.063132    0.003819   25.824152 ^ _2241_/CLK (sky130_fd_sc_hd__dfrtp_4)
                                 -0.250000   25.574154   clock uncertainty
                                  0.000000   25.574154   clock reconvergence pessimism
                                  0.096547   25.670700   library recovery time
                                             25.670700   data required time
---------------------------------------------------------------------------------------------
                                             25.670700   data required time
                                             -5.194445   data arrival time
---------------------------------------------------------------------------------------------
                                             20.476255   slack (MET)


Startpoint: _2240_ (rising edge-triggered flip-flop clocked by clk)
Endpoint: desc_ready (output port clocked by clk)
Path Group: clk
Path Type: max

Fanout         Cap        Slew       Delay        Time   Description
---------------------------------------------------------------------------------------------
                                  0.000000    0.000000   clock clk (rise edge)
                                  0.000000    0.000000   clock source latency
     2    0.100526    0.339482    0.237497    0.237497 ^ clk (in)
                                                         clk (net)
                      0.339632    0.000000    0.237497 ^ clkbuf_0_clk/A (sky130_fd_sc_hd__clkbuf_16)
     9    0.104298    0.096113    0.178164    0.415661 ^ clkbuf_0_clk/X (sky130_fd_sc_hd__clkbuf_16)
                                                         clknet_0_clk (net)
                      0.097606    0.009468    0.425129 ^ clkbuf_2_0_0_clk/A (sky130_fd_sc_hd__clkbuf_8)
     5    0.054558    0.080021    0.133123    0.558252 ^ clkbuf_2_0_0_clk/X (sky130_fd_sc_hd__clkbuf_8)
                                                         clknet_2_0_0_clk (net)
                      0.080617    0.005515    0.563767 ^ clkbuf_3_0_0_clk/A (sky130_fd_sc_hd__clkbuf_8)
     5    0.053938    0.078747    0.131547    0.695314 ^ clkbuf_3_0_0_clk/X (sky130_fd_sc_hd__clkbuf_8)
                                                         clknet_3_0_0_clk (net)
                      0.078944    0.003163    0.698477 ^ clkbuf_4_0__f_clk/A (sky130_fd_sc_hd__clkbuf_16)
    11    0.064151    0.062748    0.121857    0.820334 ^ clkbuf_4_0__f_clk/X (sky130_fd_sc_hd__clkbuf_16)
                                                         clknet_4_0__leaf_clk (net)
                      0.063302    0.004601    0.824936 ^ _2240_/CLK (sky130_fd_sc_hd__dfrtp_4)
     6    0.054290    0.091112    0.360152    1.185087 v _2240_/Q (sky130_fd_sc_hd__dfrtp_4)
                                                         encipher_process (net)
                      0.091134    0.001385    1.186472 v _1113_/B (sky130_fd_sc_hd__nor2_4)
     3    0.045377    0.211973    0.191560    1.378033 ^ _1113_/Y (sky130_fd_sc_hd__nor2_4)
                                                         net124 (net)
                      0.212674    0.009793    1.387825 ^ output124/A (sky130_fd_sc_hd__buf_2)
     1    0.034480    0.129333    0.169615    1.557440 ^ output124/X (sky130_fd_sc_hd__buf_2)
                                                         desc_ready (net)
                      0.129335    0.000750    1.558190 ^ desc_ready (out)
                                              1.558190   data arrival time

                                 25.000000   25.000000   clock clk (rise edge)
                                  0.000000   25.000000   clock network delay (propagated)
                                 -0.250000   24.750000   clock uncertainty
                                  0.000000   24.750000   clock reconvergence pessimism
                                 -5.000000   19.750000   output external delay
                                             19.750000   data required time
---------------------------------------------------------------------------------------------
                                             19.750000   data required time
                                             -1.558190   data arrival time
---------------------------------------------------------------------------------------------
                                             18.191809   slack (MET)




===========================================================================
report_checks --slack_max -0.01
============================================================================
======================= nom_ff_n40C_1v95 Corner ===================================

No paths found.


===========================================================================
 report_check_types -max_slew -max_cap -max_fanout -violators
============================================================================
======================= nom_ff_n40C_1v95 Corner ===================================

max fanout

Pin                                   Limit Fanout  Slack
---------------------------------------------------------
clkbuf_4_4__f_clk/X                      10     29    -19 (VIOLATED)
clkbuf_4_10__f_clk/X                     10     23    -13 (VIOLATED)
_1455_/X                                 10     21    -11 (VIOLATED)
fanout265/X                              10     21    -11 (VIOLATED)
fanout271/X                              10     21    -11 (VIOLATED)
fanout278/X                              10     21    -11 (VIOLATED)
fanout279/X                              10     21    -11 (VIOLATED)
fanout286/X                              10     21    -11 (VIOLATED)
clkbuf_4_13__f_clk/X                     10     19     -9 (VIOLATED)
clkbuf_4_6__f_clk/X                      10     19     -9 (VIOLATED)
fanout253/X                              10     19     -9 (VIOLATED)
input123/X                               10     19     -9 (VIOLATED)
clkbuf_4_9__f_clk/X                      10     17     -7 (VIOLATED)
max_length256/X                          10     17     -7 (VIOLATED)
_1117_/X                                 10     15     -5 (VIOLATED)
_1887_/X                                 10     15     -5 (VIOLATED)
clkbuf_4_7__f_clk/X                      10     15     -5 (VIOLATED)
fanout231/X                              10     15     -5 (VIOLATED)
input60/X                                10     15     -5 (VIOLATED)
input77/X                                10     15     -5 (VIOLATED)
max_length263/X                          10     15     -5 (VIOLATED)
_2253_/Q                                 10     13     -3 (VIOLATED)
_2268_/Q                                 10     13     -3 (VIOLATED)
clkbuf_4_12__f_clk/X                     10     13     -3 (VIOLATED)
clkbuf_4_15__f_clk/X                     10     13     -3 (VIOLATED)
clkbuf_4_1__f_clk/X                      10     13     -3 (VIOLATED)
clkbuf_4_3__f_clk/X                      10     13     -3 (VIOLATED)
fanout219/X                              10     13     -3 (VIOLATED)
fanout262/X                              10     13     -3 (VIOLATED)
fanout274/X                              10     13     -3 (VIOLATED)
fanout275/X                              10     13     -3 (VIOLATED)
fanout287/X                              10     13     -3 (VIOLATED)
_1146_/X                                 10     11        (VIOLATED)
_1194_/X                                 10     11        (VIOLATED)
_1355_/X                                 10     11        (VIOLATED)
_1356_/X                                 10     11        (VIOLATED)
_1879_/Y                                 10     11        (VIOLATED)
clkbuf_4_0__f_clk/X                      10     11        (VIOLATED)
clkbuf_4_11__f_clk/X                     10     11        (VIOLATED)
fanout254/X                              10     11        (VIOLATED)
fanout257/X                              10     11        (VIOLATED)
fanout266/X                              10     11        (VIOLATED)
fanout277/X                              10     11        (VIOLATED)
fanout283/X                              10     11        (VIOLATED)
input80/X                                10     11        (VIOLATED)
input84/X                                10     11        (VIOLATED)
max_length259/X                          10     11        (VIOLATED)
max_length264/X                          10     11        (VIOLATED)
max_length268/X                          10     11        (VIOLATED)



===========================================================================
report_parasitic_annotation -report_unannotated
============================================================================
Found 8 unannotated drivers.
 des_key_in[0]
 des_key_in[16]
 des_key_in[24]
 des_key_in[32]
 des_key_in[40]
 des_key_in[48]
 des_key_in[56]
 des_key_in[8]
Found 0 partially unannotated drivers.

===========================================================================
max slew violation count 0
max fanout violation count 49
max cap violation count 0
============================================================================

===========================================================================
check_setup -verbose -unconstrained_endpoints -multiple_clock -no_clock -no_input_delay -loops -generated_clocks
===========================================================================
