
===========================================================================
 report_power
============================================================================
======================= nom_ff_n40C_1v95 Corner ===================================

Group                    Internal    Switching      Leakage        Total
                            Power        Power        Power        Power (Watts)
------------------------------------------------------------------------
Sequential           4.150697e-04 3.624634e-04 2.452866e-09 7.775356e-04  12.3%
Combinational        1.786828e-03 3.309546e-03 1.286912e-08 5.096386e-03  80.7%
Clock                1.873382e-04 2.572869e-04 8.361203e-08 4.447087e-04   7.0%
Macro                0.000000e+00 0.000000e+00 0.000000e+00 0.000000e+00   0.0%
Pad                  0.000000e+00 0.000000e+00 0.000000e+00 0.000000e+00   0.0%
------------------------------------------------------------------------
Total                2.389235e-03 3.929296e-03 9.893424e-08 6.318630e-03 100.0%
                            37.8%        62.2%         0.0%

