
===========================================================================
 report_power
============================================================================
======================= max_ss_100C_1v60 Corner ===================================

Group                    Internal    Switching      Leakage        Total
                            Power        Power        Power        Power (Watts)
------------------------------------------------------------------------
Sequential           2.874986e-04 1.714179e-04 2.019451e-06 4.609359e-04  13.0%
Combinational        1.296014e-03 1.619178e-03 8.175893e-06 2.923368e-03  82.3%
Clock                1.282283e-04 4.080343e-05 4.549365e-07 1.694867e-04   4.8%
Macro                0.000000e+00 0.000000e+00 0.000000e+00 0.000000e+00   0.0%
Pad                  0.000000e+00 0.000000e+00 0.000000e+00 0.000000e+00   0.0%
------------------------------------------------------------------------
Total                1.711742e-03 1.831399e-03 1.065002e-05 3.553791e-03 100.0%
                            48.2%        51.5%         0.3%
Writing metric power__internal__total: 0.001711741671897471
Writing metric power__switching__total: 0.0018313986947759986
Writing metric power__leakage__total: 1.065002379618818e-5
Writing metric power__total: 0.003553790505975485

