
===========================================================================
 report_power
============================================================================
======================= nom_ff_n40C_1v95 Corner ===================================

Group                    Internal    Switching      Leakage        Total
                            Power        Power        Power        Power (Watts)
------------------------------------------------------------------------
Sequential           4.140275e-04 2.561951e-04 2.401011e-09 6.702250e-04  18.6%
Combinational        1.686654e-03 1.245061e-03 9.120575e-09 2.931724e-03  81.4%
Clock                0.000000e+00 0.000000e+00 0.000000e+00 0.000000e+00   0.0%
Macro                0.000000e+00 0.000000e+00 0.000000e+00 0.000000e+00   0.0%
Pad                  0.000000e+00 0.000000e+00 0.000000e+00 0.000000e+00   0.0%
------------------------------------------------------------------------
Total                2.100681e-03 1.501257e-03 1.152159e-08 3.601949e-03 100.0%
                            58.3%        41.7%         0.0%

