
===========================================================================
 report_power
============================================================================
======================= max_ss_100C_1v60 Corner ===================================

Group                    Internal    Switching      Leakage        Total
                            Power        Power        Power        Power (Watts)
------------------------------------------------------------------------
Sequential           2.853430e-04 1.332302e-04 2.019451e-06 4.205926e-04  12.8%
Combinational        1.289638e-03 1.362920e-03 8.175893e-06 2.660733e-03  80.8%
Clock                1.310741e-04 8.154443e-05 4.563850e-07 2.130749e-04   6.5%
Macro                0.000000e+00 0.000000e+00 0.000000e+00 0.000000e+00   0.0%
Pad                  0.000000e+00 0.000000e+00 0.000000e+00 0.000000e+00   0.0%
------------------------------------------------------------------------
Total                1.706065e-03 1.577695e-03 1.065164e-05 3.294412e-03 100.0%
                            51.8%        47.9%         0.3%
Writing metric power__internal__total: 0.0017060653772205114
Writing metric power__switching__total: 0.001577695133164525
Writing metric power__leakage__total: 1.0651638149283826e-5
Writing metric power__total: 0.0032944120466709137

