
===========================================================================
 report_power
============================================================================
======================= nom_tt_025C_1v80 Corner ===================================

Group                    Internal    Switching      Leakage        Total
                            Power        Power        Power        Power (Watts)
------------------------------------------------------------------------
Sequential           3.588829e-04 2.167223e-04 1.121179e-09 5.756064e-04  18.4%
Combinational        1.503429e-03 1.044423e-03 4.585302e-09 2.547857e-03  81.6%
Clock                0.000000e+00 0.000000e+00 0.000000e+00 0.000000e+00   0.0%
Macro                0.000000e+00 0.000000e+00 0.000000e+00 0.000000e+00   0.0%
Pad                  0.000000e+00 0.000000e+00 0.000000e+00 0.000000e+00   0.0%
------------------------------------------------------------------------
Total                1.862312e-03 1.261144e-03 5.706481e-09 3.123461e-03 100.0%
                            59.6%        40.4%         0.0%

