
===========================================================================
 report_power
============================================================================
======================= max_ss_100C_1v60 Corner ===================================

Group                    Internal    Switching      Leakage        Total
                            Power        Power        Power        Power (Watts)
------------------------------------------------------------------------
Sequential           2.875219e-04 1.724430e-04 2.019451e-06 4.619843e-04  13.1%
Combinational        1.263435e-03 1.614698e-03 7.918795e-06 2.886052e-03  82.0%
Clock                1.282283e-04 4.080343e-05 4.549365e-07 1.694867e-04   4.8%
Macro                0.000000e+00 0.000000e+00 0.000000e+00 0.000000e+00   0.0%
Pad                  0.000000e+00 0.000000e+00 0.000000e+00 0.000000e+00   0.0%
------------------------------------------------------------------------
Total                1.679185e-03 1.827944e-03 1.039293e-05 3.517522e-03 100.0%
                            47.7%        52.0%         0.3%
Writing metric power__internal__total: 0.001679185195825994
Writing metric power__switching__total: 0.0018279438372701406
Writing metric power__leakage__total: 1.0392926014901605e-5
Writing metric power__total: 0.0035175217781215906

