┏━━━━━━━┳━━━━━━━━━┳━━━━━━━━━━┳━━━━━━━━━━━━━━━━━━━━┳━━━━━━━━━━━━━━━━━━━━┳━━━━━━━┓
┃ P / R ┃ Partial ┃ Required ┃ Net                ┃ Pin                ┃ Layer ┃
┡━━━━━━━╇━━━━━━━━━╇━━━━━━━━━━╇━━━━━━━━━━━━━━━━━━━━╇━━━━━━━━━━━━━━━━━━━━╇━━━━━━━┩
│ 7.30  │ 2918.69 │ 400.00   │ _0275_             │ fanout212/A        │ met1  │
│ 4.44  │ 1777.46 │ 400.00   │ _0519_             │ _1495_/A2          │ met1  │
│ 4.37  │ 1746.98 │ 400.00   │ decipher_process   │ fanout287/A        │ met1  │
│ 3.84  │ 1536.44 │ 400.00   │ cn_dn[0\]          │ _1125_/A_N         │ met1  │
│ 3.21  │ 1285.72 │ 400.00   │ net282             │ _1617_/S           │ met1  │
│ 3.17  │ 1266.56 │ 400.00   │ net4               │ _1751_/A1          │ met1  │
│ 2.96  │ 1185.95 │ 400.00   │ net81              │ _2140_/A1          │ met1  │
│ 2.88  │ 1151.56 │ 400.00   │ net117             │ _1900_/A1          │ met1  │
│ 2.84  │ 1137.39 │ 400.00   │ clk                │ clkbuf_0_clk/A     │ met3  │
│ 2.59  │ 1036.56 │ 400.00   │ net95              │ _1995_/A1          │ met1  │
│ 2.59  │ 1034.06 │ 400.00   │ net128             │ output128/A        │ met1  │
│ 2.49  │ 996.06  │ 400.00   │ net246             │ fanout240/A        │ met1  │
│ 2.42  │ 966.40  │ 400.00   │ _1003_             │ _1616_/A           │ met1  │
│ 2.30  │ 921.56  │ 400.00   │ net94              │ _1955_/A1          │ met1  │
│ 2.30  │ 921.56  │ 400.00   │ net109             │ _1904_/A1          │ met1  │
│ 2.30  │ 921.56  │ 400.00   │ net118             │ _1940_/A1          │ met1  │
│ 2.29  │ 918.00  │ 400.00   │ net145             │ _1239_/B1          │ met1  │
│ 2.21  │ 883.22  │ 400.00   │ net110             │ _1945_/A1          │ met1  │
│ 2.20  │ 878.97  │ 400.00   │ net240             │ fanout239/A        │ met1  │
│ 2.10  │ 838.68  │ 400.00   │ net233             │ _1779_/C           │ met1  │
│ 2.10  │ 838.68  │ 400.00   │ net233             │ _1778_/B1          │ met1  │
│ 2.05  │ 821.42  │ 400.00   │ clknet_4_10__leaf… │ _2229_/CLK         │ met1  │
│ 2.03  │ 811.46  │ 400.00   │ _0274_             │ fanout250/A        │ met1  │
│ 2.03  │ 811.46  │ 400.00   │ _0274_             │ _2020_/S           │ met1  │
│ 2.02  │ 806.56  │ 400.00   │ net103             │ _1990_/A1          │ met1  │
│ 2.02  │ 806.56  │ 400.00   │ net115             │ _1935_/A1          │ met1  │
│ 1.98  │ 791.04  │ 400.00   │ net88              │ _2000_/A1          │ met1  │
│ 1.92  │ 768.22  │ 400.00   │ net93              │ _1915_/A1          │ met1  │
│ 1.73  │ 693.11  │ 400.00   │ _0594_             │ _2201_/A1          │ met1  │
│ 1.73  │ 691.56  │ 400.00   │ net101             │ _1910_/A1          │ met1  │
│ 1.71  │ 683.82  │ 400.00   │ _0518_             │ _1356_/C           │ met1  │
│ 1.66  │ 664.31  │ 400.00   │ net137             │ _1231_/B1          │ met1  │
│ 1.66  │ 664.31  │ 400.00   │ net261             │ _1458_/C           │ met1  │
│ 1.66  │ 664.31  │ 400.00   │ net261             │ _1124_/C           │ met1  │
│ 1.63  │ 653.22  │ 400.00   │ net116             │ _2033_/A1          │ met1  │
│ 1.60  │ 639.16  │ 400.00   │ net129             │ output129/A        │ met1  │
│ 1.59  │ 634.06  │ 400.00   │ net283             │ _1740_/S           │ met1  │
│ 1.46  │ 585.85  │ 400.00   │ net189             │ _1834_/A           │ met1  │
│ 1.45  │ 579.64  │ 400.00   │ clknet_4_7__leaf_… │ _2227_/CLK         │ met1  │
│ 1.44  │ 576.09  │ 400.00   │ _0685_             │ _1287_/B           │ met1  │
│ 1.34  │ 537.06  │ 400.00   │ _0997_             │ _1609_/A           │ met1  │
│ 1.31  │ 3600.00 │ 2753.36  │ net77              │ _1889_/A1          │ met3  │
│ 1.31  │ 522.47  │ 400.00   │ net275             │ fanout274/A        │ met1  │
│ 1.22  │ 488.67  │ 400.00   │ net255             │ _1355_/A2          │ met1  │
│ 1.22  │ 488.67  │ 400.00   │ net265             │ _1355_/A1          │ met1  │
│ 1.22  │ 487.27  │ 400.00   │ net178             │ output178/A        │ met1  │
│ 1.16  │ 465.78  │ 400.00   │ clknet_2_2_0_clk   │ clkbuf_3_4_0_clk/A │ met1  │
│ 1.16  │ 463.11  │ 400.00   │ _0662_             │ _2189_/A1          │ met1  │
│ 1.15  │ 461.56  │ 400.00   │ _0535_             │ _2172_/A1          │ met1  │
│ 1.15  │ 461.56  │ 400.00   │ cn[22\]            │ _1357_/A_N         │ met1  │
│ 1.15  │ 461.56  │ 400.00   │ cn[22\]            │ _1358_/A_N         │ met1  │
│ 1.15  │ 458.13  │ 400.00   │ clknet_4_14__leaf… │ _2298_/CLK         │ met1  │
│ 1.08  │ 430.13  │ 400.00   │ net287             │ _1881_/A           │ met1  │
│ 1.07  │ 429.73  │ 400.00   │ _0978_             │ _1589_/A           │ met1  │
│ 1.06  │ 423.22  │ 400.00   │ net11              │ _1496_/A           │ met1  │
│ 1.06  │ 423.22  │ 400.00   │ net100             │ _2027_/A1          │ met1  │
│ 1.06  │ 423.22  │ 400.00   │ net108             │ _2028_/A1          │ met1  │
│ 1.05  │ 419.97  │ 400.00   │ net258             │ fanout257/A        │ met1  │
│ 1.04  │ 3068.22 │ 2956.40  │ net84              │ _1893_/A1          │ met2  │
│ 1.03  │ 410.61  │ 400.00   │ net97              │ _2130_/A1          │ met1  │
│ 1.02  │ 409.09  │ 400.00   │ net224             │ fanout222/A        │ met1  │
└───────┴─────────┴──────────┴────────────────────┴────────────────────┴───────┘
