
===========================================================================
 report_power
============================================================================
======================= nom_ss_100C_1v60 Corner ===================================

Group                    Internal    Switching      Leakage        Total
                            Power        Power        Power        Power (Watts)
------------------------------------------------------------------------
Sequential           2.836780e-04 1.702697e-04 2.024120e-06 4.559718e-04  18.2%
Combinational        1.227792e-03 8.159935e-04 6.155423e-06 2.049941e-03  81.8%
Clock                0.000000e+00 0.000000e+00 0.000000e+00 0.000000e+00   0.0%
Macro                0.000000e+00 0.000000e+00 0.000000e+00 0.000000e+00   0.0%
Pad                  0.000000e+00 0.000000e+00 0.000000e+00 0.000000e+00   0.0%
------------------------------------------------------------------------
Total                1.511470e-03 9.862625e-04 8.179543e-06 2.505912e-03 100.0%
                            60.3%        39.4%         0.3%

