
===========================================================================
report_checks -unconstrained
===========================================================================
======================= max_tt_025C_1v80 Corner ===================================

Startpoint: rst_n (input port clocked by clk)
Endpoint: _2245_ (recovery check against rising-edge clock clk)
Path Group: asynchronous
Path Type: max

Fanout         Cap        Slew       Delay        Time   Description
---------------------------------------------------------------------------------------------
                                  0.000000    0.000000   clock clk (rise edge)
                                  0.000000    0.000000   clock network delay (propagated)
                                  5.000000    5.000000 ^ input external delay
     2    0.006185    0.034503    0.021765    5.021765 ^ rst_n (in)
                                                         rst_n (net)
                      0.034506    0.000000    5.021765 ^ input123/A (sky130_fd_sc_hd__clkbuf_8)
    19    0.113113    0.199988    0.212651    5.234416 ^ input123/X (sky130_fd_sc_hd__clkbuf_8)
                                                         net123 (net)
                      0.219602    0.047802    5.282218 ^ _2245_/RESET_B (sky130_fd_sc_hd__dfrtp_2)
                                              5.282218   data arrival time

                                 25.000000   25.000000   clock clk (rise edge)
                                  0.000000   25.000000   clock source latency
     2    0.102899    0.465543    0.324388   25.324387 ^ clk (in)
                                                         clk (net)
                      0.465715    0.000000   25.324387 ^ clkbuf_0_clk/A (sky130_fd_sc_hd__clkbuf_16)
     9    0.107611    0.125279    0.298110   25.622498 ^ clkbuf_0_clk/X (sky130_fd_sc_hd__clkbuf_16)
                                                         clknet_0_clk (net)
                      0.127677    0.013609   25.636105 ^ clkbuf_2_0_0_clk/A (sky130_fd_sc_hd__clkbuf_8)
     5    0.058827    0.113552    0.202178   25.838284 ^ clkbuf_2_0_0_clk/X (sky130_fd_sc_hd__clkbuf_8)
                                                         clknet_2_0_0_clk (net)
                      0.114565    0.008663   25.846947 ^ clkbuf_3_0_0_clk/A (sky130_fd_sc_hd__clkbuf_8)
     5    0.056271    0.108231    0.199561   26.046509 ^ clkbuf_3_0_0_clk/X (sky130_fd_sc_hd__clkbuf_8)
                                                         clknet_3_0_0_clk (net)
                      0.108712    0.005430   26.051939 ^ clkbuf_4_1__f_clk/A (sky130_fd_sc_hd__clkbuf_16)
    13    0.059008    0.077430    0.177350   26.229288 ^ clkbuf_4_1__f_clk/X (sky130_fd_sc_hd__clkbuf_16)
                                                         clknet_4_1__leaf_clk (net)
                      0.078032    0.005365   26.234653 ^ _2245_/CLK (sky130_fd_sc_hd__dfrtp_2)
                                 -0.250000   25.984653   clock uncertainty
                                  0.000000   25.984653   clock reconvergence pessimism
                                  0.177515   26.162169   library recovery time
                                             26.162169   data required time
---------------------------------------------------------------------------------------------
                                             26.162169   data required time
                                             -5.282218   data arrival time
---------------------------------------------------------------------------------------------
                                             20.879951   slack (MET)


Startpoint: _2240_ (rising edge-triggered flip-flop clocked by clk)
Endpoint: desc_ready (output port clocked by clk)
Path Group: clk
Path Type: max

Fanout         Cap        Slew       Delay        Time   Description
---------------------------------------------------------------------------------------------
                                  0.000000    0.000000   clock clk (rise edge)
                                  0.000000    0.000000   clock source latency
     2    0.102899    0.465543    0.324388    0.324388 ^ clk (in)
                                                         clk (net)
                      0.465715    0.000000    0.324388 ^ clkbuf_0_clk/A (sky130_fd_sc_hd__clkbuf_16)
     9    0.107611    0.125279    0.298109    0.622497 ^ clkbuf_0_clk/X (sky130_fd_sc_hd__clkbuf_16)
                                                         clknet_0_clk (net)
                      0.127677    0.013609    0.636106 ^ clkbuf_2_0_0_clk/A (sky130_fd_sc_hd__clkbuf_8)
     5    0.058827    0.113552    0.202178    0.838284 ^ clkbuf_2_0_0_clk/X (sky130_fd_sc_hd__clkbuf_8)
                                                         clknet_2_0_0_clk (net)
                      0.114565    0.008664    0.846948 ^ clkbuf_3_0_0_clk/A (sky130_fd_sc_hd__clkbuf_8)
     5    0.056271    0.108231    0.199561    1.046508 ^ clkbuf_3_0_0_clk/X (sky130_fd_sc_hd__clkbuf_8)
                                                         clknet_3_0_0_clk (net)
                      0.108747    0.005643    1.052151 ^ clkbuf_4_0__f_clk/A (sky130_fd_sc_hd__clkbuf_16)
    11    0.066545    0.084517    0.181430    1.233582 ^ clkbuf_4_0__f_clk/X (sky130_fd_sc_hd__clkbuf_16)
                                                         clknet_4_0__leaf_clk (net)
                      0.085715    0.007898    1.241480 ^ _2240_/CLK (sky130_fd_sc_hd__dfrtp_4)
     6    0.055616    0.122655    0.572484    1.813964 v _2240_/Q (sky130_fd_sc_hd__dfrtp_4)
                                                         encipher_process (net)
                      0.122799    0.003041    1.817005 v _1113_/B (sky130_fd_sc_hd__nor2_4)
     3    0.049301    0.314148    0.284229    2.101233 ^ _1113_/Y (sky130_fd_sc_hd__nor2_4)
                                                         net124 (net)
                      0.315015    0.013392    2.114626 ^ output124/A (sky130_fd_sc_hd__buf_2)
     1    0.034532    0.172396    0.275257    2.389882 ^ output124/X (sky130_fd_sc_hd__buf_2)
                                                         desc_ready (net)
                      0.172409    0.001619    2.391501 ^ desc_ready (out)
                                              2.391501   data arrival time

                                 25.000000   25.000000   clock clk (rise edge)
                                  0.000000   25.000000   clock network delay (propagated)
                                 -0.250000   24.750000   clock uncertainty
                                  0.000000   24.750000   clock reconvergence pessimism
                                 -5.000000   19.750000   output external delay
                                             19.750000   data required time
---------------------------------------------------------------------------------------------
                                             19.750000   data required time
                                             -2.391501   data arrival time
---------------------------------------------------------------------------------------------
                                             17.358500   slack (MET)




===========================================================================
report_checks --slack_max -0.01
============================================================================
======================= max_tt_025C_1v80 Corner ===================================

No paths found.


===========================================================================
 report_check_types -max_slew -max_cap -max_fanout -violators
============================================================================
======================= max_tt_025C_1v80 Corner ===================================

max fanout

Pin                                   Limit Fanout  Slack
---------------------------------------------------------
clkbuf_4_4__f_clk/X                      10     29    -19 (VIOLATED)
clkbuf_4_10__f_clk/X                     10     23    -13 (VIOLATED)
_1455_/X                                 10     21    -11 (VIOLATED)
fanout265/X                              10     21    -11 (VIOLATED)
fanout271/X                              10     21    -11 (VIOLATED)
fanout278/X                              10     21    -11 (VIOLATED)
fanout279/X                              10     21    -11 (VIOLATED)
fanout286/X                              10     21    -11 (VIOLATED)
clkbuf_4_13__f_clk/X                     10     19     -9 (VIOLATED)
clkbuf_4_6__f_clk/X                      10     19     -9 (VIOLATED)
fanout253/X                              10     19     -9 (VIOLATED)
input123/X                               10     19     -9 (VIOLATED)
clkbuf_4_9__f_clk/X                      10     17     -7 (VIOLATED)
max_length256/X                          10     17     -7 (VIOLATED)
_1117_/X                                 10     15     -5 (VIOLATED)
_1887_/X                                 10     15     -5 (VIOLATED)
clkbuf_4_7__f_clk/X                      10     15     -5 (VIOLATED)
fanout231/X                              10     15     -5 (VIOLATED)
input60/X                                10     15     -5 (VIOLATED)
input77/X                                10     15     -5 (VIOLATED)
max_length263/X                          10     15     -5 (VIOLATED)
_2253_/Q                                 10     13     -3 (VIOLATED)
_2268_/Q                                 10     13     -3 (VIOLATED)
clkbuf_4_12__f_clk/X                     10     13     -3 (VIOLATED)
clkbuf_4_15__f_clk/X                     10     13     -3 (VIOLATED)
clkbuf_4_1__f_clk/X                      10     13     -3 (VIOLATED)
clkbuf_4_3__f_clk/X                      10     13     -3 (VIOLATED)
fanout219/X                              10     13     -3 (VIOLATED)
fanout262/X                              10     13     -3 (VIOLATED)
fanout274/X                              10     13     -3 (VIOLATED)
fanout275/X                              10     13     -3 (VIOLATED)
fanout287/X                              10     13     -3 (VIOLATED)
_1146_/X                                 10     11        (VIOLATED)
_1194_/X                                 10     11        (VIOLATED)
_1355_/X                                 10     11        (VIOLATED)
_1356_/X                                 10     11        (VIOLATED)
_1879_/Y                                 10     11        (VIOLATED)
clkbuf_4_0__f_clk/X                      10     11        (VIOLATED)
clkbuf_4_11__f_clk/X                     10     11        (VIOLATED)
fanout254/X                              10     11        (VIOLATED)
fanout257/X                              10     11        (VIOLATED)
fanout266/X                              10     11        (VIOLATED)
fanout277/X                              10     11        (VIOLATED)
fanout283/X                              10     11        (VIOLATED)
input80/X                                10     11        (VIOLATED)
input84/X                                10     11        (VIOLATED)
max_length259/X                          10     11        (VIOLATED)
max_length264/X                          10     11        (VIOLATED)
max_length268/X                          10     11        (VIOLATED)

max capacitance

Pin                                        Limit         Cap       Slack
------------------------------------------------------------------------
fanout265/X                             0.200000    0.202155   -0.002155 (VIOLATED)



===========================================================================
report_parasitic_annotation -report_unannotated
============================================================================
Found 8 unannotated drivers.
 des_key_in[0]
 des_key_in[16]
 des_key_in[24]
 des_key_in[32]
 des_key_in[40]
 des_key_in[48]
 des_key_in[56]
 des_key_in[8]
Found 0 partially unannotated drivers.

===========================================================================
max slew violation count 0
max fanout violation count 49
max cap violation count 1
============================================================================

===========================================================================
check_setup -verbose -unconstrained_endpoints -multiple_clock -no_clock -no_input_delay -loops -generated_clocks
===========================================================================
