
===========================================================================
 report_power
============================================================================
======================= max_ss_100C_1v60 Corner ===================================

Group                    Internal    Switching      Leakage        Total
                            Power        Power        Power        Power (Watts)
------------------------------------------------------------------------
Sequential           2.805842e-04 2.754965e-04 2.024120e-06 5.581047e-04  16.6%
Combinational        1.241834e-03 1.554698e-03 6.155423e-06 2.802687e-03  83.4%
Clock                0.000000e+00 0.000000e+00 2.626638e-09 2.626638e-09   0.0%
Macro                0.000000e+00 0.000000e+00 0.000000e+00 0.000000e+00   0.0%
Pad                  0.000000e+00 0.000000e+00 0.000000e+00 0.000000e+00   0.0%
------------------------------------------------------------------------
Total                1.522419e-03 1.830195e-03 8.181906e-06 3.360796e-03 100.0%
                            45.3%        54.5%         0.2%
Writing metric power__internal__total: 0.001522418693639338
Writing metric power__switching__total: 0.0018301948439329863
Writing metric power__leakage__total: 8.181906196114141e-6
Writing metric power__total: 0.0033607955556362867

